Starting Tests on Django Backend...
1. Health Check...
Health Status: 200
Health Data: {"status":"ok","uptime":0}
2. Execute Runtimes...
Runtimes Status: 200
Runtimes Count: 7
3. Execute Code...
Exec Status: 200
Exec Output: Hello from Django!
Γ£à Exec Output Matches
4. AI Completion...
AI Status: 200
5. Gists...
Gist Created: OM-uJgA-OT
Gist Retrieved
Gist Updated
6. Projects...
Project Created: Gvg6Oaev5e
File Added: VXYy2XpzJF
Done.
